// Jest Snapshot v1, https://goo.gl/fbAQLP

exports[`<ColumnItem /> mount 1`] = `ReactWrapper {}`;
