// Jest Snapshot v1, https://goo.gl/fbAQLP

exports[`<Sorting /> simulates close of sort file click event 1`] = `ShallowWrapper {}`;
